initializing ocelot...
WARNING: Diagnostic screen was converted with default screen properties.
WARNING: Diagnostic screen was converted with default screen properties.
WARNING: Diagnostic screen was converted with default screen properties.
WARNING: Diagnostic screen was converted with default screen properties.
WARNING: Diagnostic screen was converted with default screen properties.
WARNING: Diagnostic screen was converted with default screen properties.
WARNING: Diagnostic screen was converted with default screen properties.
WARNING: Diagnostic screen was converted with default screen properties.
WARNING: Diagnostic screen was converted with default screen properties.
WARNING: Diagnostic screen was converted with default screen properties.
WARNING: Diagnostic screen was converted with default screen properties.
WARNING: Diagnostic screen was converted with default screen properties.
WARNING: Diagnostic screen was converted with default screen properties.
WARNING: Diagnostic screen was converted with default screen properties.
WARNING: Diagnostic screen was converted with default screen properties.
WARNING: Diagnostic screen was converted with default screen properties.
WARNING: Diagnostic screen was converted with default screen properties.
WARNING: Diagnostic screen was converted with default screen properties.

            SCREEN OFF             
Simulation Code | Avrg. Time of 3
----------------------------------
Ocelot          |        0.3425 s
JOSS            |        0.0042 s
Cheetah (CPU)   |        0.0023 s
Cheetah (GPU)   |        0.0021 s

            SCREEN ON              
Simulation Code | Avrg. Time of 3
----------------------------------
Ocelot          |        0.3938 s
JOSS            |        0.0554 s
Cheetah (CPU)   |        0.0223 s
Cheetah (GPU)   |        0.0171 s
